src/app/api/chat/route.ts(32,25): error TS2339: Property 'chat' does not exist on type 'Genkit'.
