
[1m[46m RUN [49m[22m [36mv4.0.18 [39m[90mC:/Users/Het Laheri/Desktop/CareClarity[39m

 [31mΓ¥»[39m src/lib/hooks/use-appointments.test.tsx [2m([22m[2m2 tests[22m[2m | [22m[31m2 failed[39m[2m)[22m[33m 1035[2mms[22m[39m
[31m     [31m├ù[31m should fetch appointments successfully[39m[32m 22[2mms[22m[39m
[31m     [31m├ù[31m should handle fetch error[39m[33m 1012[2mms[22m[39m
node.exe : 
At C:\Program 
Files\nodejs\npx.ps1:29 char:3
+   & $NODE_EXE $NPX_CLI_JS 
$args
+   
~~~~~~~~~~~~~~~~~~~~~~~~~~~~~
    + CategoryInfo          : 
    NotSpecified: (:String)   
  [], RemoteException
    + FullyQualifiedErrorId : 
    NativeCommandError
 
[31mΓÄ»ΓÄ»ΓÄ»ΓÄ»ΓÄ»ΓÄ»ΓÄ»[39
m[1m[41m Failed Tests 2 [49
m[22m[31mΓÄ»ΓÄ»ΓÄ»ΓÄ»ΓÄ»ΓÄ»Γ
Ä»[39m

[41m[1m FAIL [22m[49m src/
lib/hooks/use-appointments.tes
t.tsx[2m > 
[22museAppointments[2m > 
[22mshould fetch 
appointments successfully
[31m[1mAssertionError[22m: 
expected false to be true // 
Object.is equality[39m

[32m- Expected[39m
[31m+ Received[39m

[32m- true[39m
[31m+ false[39m

[36m [2mΓ¥»[22m src/lib/hoo
ks/use-appointments.test.tsx:
[2m37:42[22m[39m
    [90m 35| [39m        
const { result } = 
renderHook(() => 
useAppointments(), { wrappΓÇª
    [90m 36| [39m
    [90m 37| [39m        [3
4mexpect[39m(result[33m.[39
mcurrent[33m.[39misLoading)
[33m.[39m[34mtoBe[39m([35m
true[39m)[33m;[39m
    [90m   | [39m           
                              
[31m^[39m
    [90m 38| [39m
    [90m 39| [39m        
await waitFor(() => expect(res
ult.current.isSuccess).toBe(tr
ueΓÇª

[31m[2mΓÄ»ΓÄ»ΓÄ»ΓÄ»ΓÄ»ΓÄ»ΓÄ»
ΓÄ»ΓÄ»ΓÄ»ΓÄ»ΓÄ»ΓÄ»ΓÄ»ΓÄ»ΓÄ»ΓÄ»
ΓÄ»ΓÄ»ΓÄ»ΓÄ»ΓÄ»ΓÄ»ΓÄ»[1/2]ΓÄ»
[22m[39m

[41m[1m FAIL [22m[49m src/
lib/hooks/use-appointments.tes
t.tsx[2m > 
[22museAppointments[2m > 
[22mshould handle fetch error
[31m[1mAssertionError[22m: 
expected false to be true // 
Object.is equality

Ignored nodes: comments, 
script, style
[36m<html>[31m
  [36m<head />[31m
  [36m<body>[31m
    [36m<div />[31m
  [36m</body>[31m
[36m</html>[31m[39m

[32m- Expected[39m
[31m+ Received[39m

[32m- true[39m
[31m+ false[39m

[36m [2mΓ¥»[22m src/lib/hoo
ks/use-appointments.test.tsx:
[2m52:60[22m[39m
    [90m 50| [39m        
const { result } = 
renderHook(() => 
useAppointments(), { wrappΓÇª
    [90m 51| [39m
    [90m 52| [39m        
[35mawait[39m 
[34mwaitFor[39m(() 
[33m=>[39m [34mexpect[39m(
result[33m.[39mcurrent[33m.
[39misError)[33m.[39m[34mt
oBe[39m([35mtrue[39m))[33m
;[39m
    [90m   | [39m           
                              
                  [31m^[39m
    [90m 53| [39m    
})[33m;[39m
    [90m 54| 
[39m})[33m;[39m
[90m [2mΓ¥»[22m runWithExpe
nsiveErrorDiagnosticsDisabled 
node_modules/@testing-library/
dom/dist/config.js:[2m47:12[
22m[39m
[90m [2mΓ¥»[22m 
checkCallback node_modules/@te
sting-library/dom/dist/wait-fo
r.js:[2m124:77[22m[39m
[90m [2mΓ¥»[22m Timeout.che
ckRealTimersCallback node_modu
les/@testing-library/dom/dist/
wait-for.js:[2m118:16[22m[3
9m

[31m[2mΓÄ»ΓÄ»ΓÄ»ΓÄ»ΓÄ»ΓÄ»ΓÄ»
ΓÄ»ΓÄ»ΓÄ»ΓÄ»ΓÄ»ΓÄ»ΓÄ»ΓÄ»ΓÄ»ΓÄ»
ΓÄ»ΓÄ»ΓÄ»ΓÄ»ΓÄ»ΓÄ»ΓÄ»[2/2]ΓÄ»
[22m[39m


[2m Test Files [22m [1m[31m1 failed[39m[22m[90m (1)[39m
[2m      Tests [22m [1m[31m2 failed[39m[22m[90m (2)[39m
[2m   Start at [22m 16:03:50
[2m   Duration [22m 3.76s[2m (transform 97ms, setup 128ms, import 1.45s, tests 1.04s, environment 955ms)[22m

